---
title: Demo CRD schema reference (group demo.giantswarm.io)
linkTitle: Demo
description: |
  Main description
weight: 100
crd:
  name_camelcase: Demo
  name_plural: demos
  name_singular: demo
  group: demo.giantswarm.io
  technical_name: demos.demo.giantswarm.io
  scope: Namespaced
  source_repository: https://github.com/giantswarm/my-repo
  source_repository_ref: main
  versions:
    - v1alpha1
  topics:
    - first-topic
    - second-topic
  providers:
    - aws
    - azure
  deprecation:
    info: This is some deprecation info
    replaced_by:
      full_name: another.demo.giantswarm.io
      short_name: Another
layout: crd
owner:
  - first-owner
  - second-owner
aliases:
  - /reference/cp-k8s-api/demos.demo.giantswarm.io/
technical_name: demos.demo.giantswarm.io
source_repository: https://github.com/giantswarm/my-repo
source_repository_ref: main
---

# Demo


<p class="crd-description">Main description</p>
<dl class="crd-meta">
<dt class="fullname">Full name:</dt>
<dd class="fullname">demos.demo.giantswarm.io</dd>
<dt class="groupname">Group:</dt>
<dd class="groupname">demo.giantswarm.io</dd>
<dt class="singularname">Singular name:</dt>
<dd class="singularname">demo</dd>
<dt class="pluralname">Plural name:</dt>
<dd class="pluralname">demos</dd>
<dt class="scope">Scope:</dt>
<dd class="scope">Namespaced</dd>
<dt class="versions">Versions:</dt>
<dd class="versions"><a class="version" href="#v1alpha1" title="Show schema for version v1alpha1">v1alpha1</a></dd>
</dl>



<div class="crd-schema-version">
<h2 id="v1alpha1">Version v1alpha1</h2>


<h3 id="crd-example-v1alpha1">Example CR</h3>

```yaml
This is an example CR
```


<h3 id="property-details-v1alpha1">Properties</h3>


<div class="property depth-0">
<div class="property-header">
<h3 class="property-path" id="v1alpha1-.first_property">.first_property</h3>
</div>
<div class="property-body">
<div class="property-meta">
<span class="property-type">string</span>
<span class="property-required">Required</span>
</div>

<div class="property-description">
<p>First property</p>

</div>

</div>
</div>





</div>



